// Jest Snapshot v1, https://goo.gl/fbAQLP

exports[`Dropdown should render (snapshot): ShallowWrapper {} 1`] = `ShallowWrapper {}`;
